// Jest Snapshot v1, https://goo.gl/fbAQLP

exports[`Button Component matches snapshot 1`] = `
<div>
  <button
    class="rounded-md px-3 py-2 bg-btn text-white font-normal"
  >
    Button
  </button>
</div>
`;
