// Jest Snapshot v1, https://goo.gl/fbAQLP

exports[`CardsList Component matches snapshot 1`] = `
<div>
  <div
    class="flex flex-col justify-center gap-2 py-3"
  >
    <div>
      Task 1
    </div>
    <div>
      Task 2
    </div>
  </div>
</div>
`;
