// Jest Snapshot v1, https://goo.gl/fbAQLP

exports[`CreateTaskModal Component matches snapshot 1`] = `
<div>
   
  <div
    class="bg-black bg-opacity-50 h-svh w-max"
  >
    <div
      class="fixed inset-0 flex items-center justify-center h-screen w-screen bg-black bg-opacity-50"
      data-modal-backdrop="static"
      id="popup-modal"
      tabindex="-1"
    >
      <div
        class="relative p-4 w-full max-w-md max-h-full"
      >
        <div
          class="relative bg-white rounded-lg shadow"
        >
          <div
            class="p-4 md:p-5 text-center flex flex-col"
          >
            <h3
              class="mb-5 text-lg font-normal text-gray-500 dark:text-gray-400"
            >
              Task Name:
            </h3>
            <input
              class="rounded-md p-2 border-gray-200 border-2 outline-none placeholder:text-gray-600 text-black"
              id="task-name"
              placeholder="Task Name..."
              type="text"
              value=""
            />
            <div>
              <button
                class="text-white bg-red-600 hover:bg-red-800 focus:ring-4 focus:outline-none focus:ring-red-300 dark:focus:ring-red-800 font-medium rounded-lg text-sm inline-flex items-center px-5 py-2.5 text-center me-2 mt-2"
                type="button"
              >
                Cancel
              </button>
              <button
                class="bg-btn hover:bg-btn-hovered focus:ring-4 focus:outline-none focus:ring-gray-200 rounded-lg border border-gray-200 text-sm font-medium px-5 py-2.5 focus:z-10"
                type="button"
              >
                Add Task
              </button>
            </div>
          </div>
        </div>
      </div>
    </div>
  </div>
  <div
    class="Toastify"
  />
</div>
`;
