// Jest Snapshot v1, https://goo.gl/fbAQLP

exports[`HeaderOne Component matches snapshot 1`] = `
<div>
  <p
    class="text-lg text-blue-500 font-semibold"
  >
    Snapshot Test
  </p>
</div>
`;
